
13. Executing STA pass (static timing analysis).
Warning: Cell type '$_DFF_P_' not recognised! Ignoring.
Warning: Cell type '$_DFF_P_' not recognised! Ignoring.
Warning: Cell type '$_DFF_P_' not recognised! Ignoring.
Warning: Cell type '$_DFF_P_' not recognised! Ignoring.
Warning: Cell type '$_DFF_P_' not recognised! Ignoring.
Warning: Cell type '$_DFF_P_' not recognised! Ignoring.
Warning: Cell type '$_DFF_P_' not recognised! Ignoring.
Warning: Cell type '$_DFF_P_' not recognised! Ignoring.
Warning: Cell type '$_DFF_P_' not recognised! Ignoring.
Warning: Cell type '$_DFF_P_' not recognised! Ignoring.
Warning: Cell type '$_DFF_P_' not recognised! Ignoring.
Warning: Cell type '$_DFF_P_' not recognised! Ignoring.
Warning: Cell type '$_DFF_P_' not recognised! Ignoring.
Warning: Cell type '$_DFF_P_' not recognised! Ignoring.
Warning: Cell type '$_DFF_P_' not recognised! Ignoring.
Warning: Cell type '$_DFF_P_' not recognised! Ignoring.
Warning: Cell type '$_DFF_P_' not recognised! Ignoring.
Warning: Cell type '$_DFF_P_' not recognised! Ignoring.
Warning: Cell type '$_DFF_P_' not recognised! Ignoring.
Warning: Cell type '$_DFF_P_' not recognised! Ignoring.
Warning: Cell type '$_DFF_P_' not recognised! Ignoring.
Warning: Cell type '$_DFF_P_' not recognised! Ignoring.
Warning: Cell type '$_DFF_P_' not recognised! Ignoring.
Warning: Cell type '$_DFF_P_' not recognised! Ignoring.
Warning: Cell type '$_DFF_P_' not recognised! Ignoring.
Warning: Cell type '$_DFF_P_' not recognised! Ignoring.
Warning: Cell type '$_DFF_P_' not recognised! Ignoring.
Warning: Cell type '$_DFF_P_' not recognised! Ignoring.
Warning: Cell type '$_DFF_P_' not recognised! Ignoring.
Warning: Cell type '$_DFF_P_' not recognised! Ignoring.
Warning: Cell type '$_DFF_P_' not recognised! Ignoring.
Warning: Cell type '$_DFF_P_' not recognised! Ignoring.
Warning: Cell type '$_DFF_P_' not recognised! Ignoring.
Warning: Cell type '$_DFF_P_' not recognised! Ignoring.
Warning: Cell type '$_DFF_P_' not recognised! Ignoring.
Warning: Cell type '$_DFF_P_' not recognised! Ignoring.
Warning: Cell type '$_DFF_P_' not recognised! Ignoring.
Warning: Cell type '$_DFF_P_' not recognised! Ignoring.
Warning: Cell type '$_DFF_P_' not recognised! Ignoring.
Warning: Cell type '$_DFF_P_' not recognised! Ignoring.
Warning: Cell type '$_DFF_P_' not recognised! Ignoring.
Warning: Cell type '$_DFF_P_' not recognised! Ignoring.
Warning: Cell type '$_DFF_P_' not recognised! Ignoring.
Warning: Cell type '$_DFF_P_' not recognised! Ignoring.
Warning: Cell type '$_DFF_P_' not recognised! Ignoring.
Warning: Cell type '$_DFF_P_' not recognised! Ignoring.
Warning: Cell type '$_DFF_P_' not recognised! Ignoring.
Warning: Cell type '$_DFF_P_' not recognised! Ignoring.
Warning: Cell type '$_DFF_P_' not recognised! Ignoring.
Warning: Cell type '$_DFF_P_' not recognised! Ignoring.
Warning: Cell type '$_DFF_P_' not recognised! Ignoring.
Warning: Cell type '$_DFF_P_' not recognised! Ignoring.
Warning: Cell type '$_DFF_P_' not recognised! Ignoring.
Warning: Cell type '$_DFF_P_' not recognised! Ignoring.
Warning: Cell type '$_DFF_P_' not recognised! Ignoring.
Warning: Cell type '$_DFF_P_' not recognised! Ignoring.
Warning: Cell type '$_DFF_P_' not recognised! Ignoring.
Warning: Cell type '$_DFF_P_' not recognised! Ignoring.
Warning: Cell type '$_DFF_P_' not recognised! Ignoring.
Warning: Cell type '$_DFF_P_' not recognised! Ignoring.
Warning: Cell type '$_DFF_P_' not recognised! Ignoring.
Warning: Cell type '$_DFF_P_' not recognised! Ignoring.
Warning: Cell type '$_DFF_P_' not recognised! Ignoring.
Warning: Cell type '$_DFF_P_' not recognised! Ignoring.
Warning: Cell type '$_NOT_' not recognised! Ignoring.
Warning: Cell type '$_NOT_' not recognised! Ignoring.
Warning: Cell type '$_NOT_' not recognised! Ignoring.
Warning: Cell type '$_NOT_' not recognised! Ignoring.
Warning: Cell type '$_NOT_' not recognised! Ignoring.
Warning: Cell type '$_NOT_' not recognised! Ignoring.
Warning: Cell type '$_NOT_' not recognised! Ignoring.
Warning: Cell type '$_NOT_' not recognised! Ignoring.
Warning: Cell type '$_NOT_' not recognised! Ignoring.
Warning: Cell type '$_NOT_' not recognised! Ignoring.
Warning: Cell type '$_NOT_' not recognised! Ignoring.
Warning: Cell type '$_NOT_' not recognised! Ignoring.
Warning: Cell type '$_NOT_' not recognised! Ignoring.
Warning: Cell type '$_NOT_' not recognised! Ignoring.
Warning: Cell type '$_NOT_' not recognised! Ignoring.
Warning: Cell type '$_NOT_' not recognised! Ignoring.
Warning: Cell type '$_NOT_' not recognised! Ignoring.
Warning: Cell type '$_NOT_' not recognised! Ignoring.
Warning: Cell type '$_NOT_' not recognised! Ignoring.
Warning: Cell type '$_AND_' not recognised! Ignoring.
Warning: Cell type '$_NOT_' not recognised! Ignoring.
Warning: Cell type '$_XOR_' not recognised! Ignoring.
Warning: Cell type '$_AND_' not recognised! Ignoring.
Warning: Cell type '$_NOT_' not recognised! Ignoring.
Warning: Cell type '$_XOR_' not recognised! Ignoring.
Warning: Cell type '$_AND_' not recognised! Ignoring.
Warning: Cell type '$_NOT_' not recognised! Ignoring.
Warning: Cell type '$_XOR_' not recognised! Ignoring.
Warning: Cell type '$_AND_' not recognised! Ignoring.
Warning: Cell type '$_NOT_' not recognised! Ignoring.
Warning: Cell type '$_XOR_' not recognised! Ignoring.
Warning: Cell type '$_AND_' not recognised! Ignoring.
Warning: Cell type '$_NOT_' not recognised! Ignoring.
Warning: Cell type '$_XOR_' not recognised! Ignoring.
Warning: Cell type '$_AND_' not recognised! Ignoring.
Warning: Cell type '$_NOT_' not recognised! Ignoring.
Warning: Cell type '$_AND_' not recognised! Ignoring.
Warning: Cell type '$_NOT_' not recognised! Ignoring.
Warning: Cell type '$_XOR_' not recognised! Ignoring.
Warning: Cell type '$_AND_' not recognised! Ignoring.
Warning: Cell type '$_NOT_' not recognised! Ignoring.
Warning: Cell type '$_AND_' not recognised! Ignoring.
Warning: Cell type '$_NOT_' not recognised! Ignoring.
Warning: Cell type '$_XOR_' not recognised! Ignoring.
Warning: Cell type '$_AND_' not recognised! Ignoring.
Warning: Cell type '$_NOT_' not recognised! Ignoring.
Warning: Cell type '$_XOR_' not recognised! Ignoring.
Warning: Cell type '$_AND_' not recognised! Ignoring.
Warning: Cell type '$_NOT_' not recognised! Ignoring.
Warning: Cell type '$_AND_' not recognised! Ignoring.
Warning: Cell type '$_NOT_' not recognised! Ignoring.
Warning: Cell type '$_AND_' not recognised! Ignoring.
Warning: Cell type '$_NOT_' not recognised! Ignoring.
Warning: Cell type '$_AND_' not recognised! Ignoring.
Warning: Cell type '$_NOT_' not recognised! Ignoring.
Warning: Cell type '$_XOR_' not recognised! Ignoring.
Warning: Cell type '$_AND_' not recognised! Ignoring.
Warning: Cell type '$_NOT_' not recognised! Ignoring.
Warning: Cell type '$_AND_' not recognised! Ignoring.
Warning: Cell type '$_NOT_' not recognised! Ignoring.
Warning: Cell type '$_AND_' not recognised! Ignoring.
Warning: Cell type '$_NOT_' not recognised! Ignoring.
Warning: Cell type '$_AND_' not recognised! Ignoring.
Warning: Cell type '$_NOT_' not recognised! Ignoring.
Warning: Cell type '$_XOR_' not recognised! Ignoring.
Warning: Cell type '$_AND_' not recognised! Ignoring.
Warning: Cell type '$_NOT_' not recognised! Ignoring.
Warning: Cell type '$_AND_' not recognised! Ignoring.
Warning: Cell type '$_NOT_' not recognised! Ignoring.
Warning: Cell type '$_AND_' not recognised! Ignoring.
Warning: Cell type '$_NOT_' not recognised! Ignoring.
Warning: Cell type '$_AND_' not recognised! Ignoring.
Warning: Cell type '$_NOT_' not recognised! Ignoring.
Warning: Cell type '$_AND_' not recognised! Ignoring.
Warning: Cell type '$_NOT_' not recognised! Ignoring.
Warning: Cell type '$_AND_' not recognised! Ignoring.
Warning: Cell type '$_NOT_' not recognised! Ignoring.
Warning: Cell type '$_AND_' not recognised! Ignoring.
Warning: Cell type '$_NOT_' not recognised! Ignoring.
Warning: Cell type '$_AND_' not recognised! Ignoring.
Warning: Cell type '$_NOT_' not recognised! Ignoring.
Warning: Cell type '$_AND_' not recognised! Ignoring.
Warning: Cell type '$_NOT_' not recognised! Ignoring.
Warning: Cell type '$_XOR_' not recognised! Ignoring.
Warning: Cell type '$_XOR_' not recognised! Ignoring.
Warning: Cell type '$_XOR_' not recognised! Ignoring.
Warning: Cell type '$_AND_' not recognised! Ignoring.
Warning: Cell type '$_NOT_' not recognised! Ignoring.
Warning: Cell type '$_XOR_' not recognised! Ignoring.
Warning: Cell type '$_AND_' not recognised! Ignoring.
Warning: Cell type '$_NOT_' not recognised! Ignoring.
Warning: Cell type '$_XOR_' not recognised! Ignoring.
Warning: Cell type '$_NOT_' not recognised! Ignoring.
Warning: Cell type '$_AND_' not recognised! Ignoring.
Warning: Cell type '$_NOT_' not recognised! Ignoring.
Warning: Cell type '$_AND_' not recognised! Ignoring.
Warning: Cell type '$_NOT_' not recognised! Ignoring.
Warning: Cell type '$_AND_' not recognised! Ignoring.
Warning: Cell type '$_NOT_' not recognised! Ignoring.
Warning: Cell type '$_XOR_' not recognised! Ignoring.
Warning: Cell type '$_AND_' not recognised! Ignoring.
Warning: Cell type '$_NOT_' not recognised! Ignoring.
Warning: Cell type '$_AND_' not recognised! Ignoring.
Warning: Cell type '$_NOT_' not recognised! Ignoring.
Warning: Cell type '$_AND_' not recognised! Ignoring.
Warning: Cell type '$_NOT_' not recognised! Ignoring.
Warning: Cell type '$_XOR_' not recognised! Ignoring.
Warning: Cell type '$_AND_' not recognised! Ignoring.
Warning: Cell type '$_NOT_' not recognised! Ignoring.
Warning: Cell type '$_AND_' not recognised! Ignoring.
Warning: Cell type '$_NOT_' not recognised! Ignoring.
Warning: Cell type '$_AND_' not recognised! Ignoring.
Warning: Cell type '$_NOT_' not recognised! Ignoring.
Warning: Cell type '$_XOR_' not recognised! Ignoring.
Warning: Cell type '$_AND_' not recognised! Ignoring.
Warning: Cell type '$_NOT_' not recognised! Ignoring.
Warning: Cell type '$_XOR_' not recognised! Ignoring.
Warning: Cell type '$_AND_' not recognised! Ignoring.
Warning: Cell type '$_NOT_' not recognised! Ignoring.
Warning: Cell type '$_AND_' not recognised! Ignoring.
Warning: Cell type '$_NOT_' not recognised! Ignoring.
Warning: Cell type '$_XOR_' not recognised! Ignoring.
Warning: Cell type '$_AND_' not recognised! Ignoring.
Warning: Cell type '$_NOT_' not recognised! Ignoring.
Warning: Cell type '$_XOR_' not recognised! Ignoring.
Warning: Cell type '$_AND_' not recognised! Ignoring.
Warning: Cell type '$_NOT_' not recognised! Ignoring.
Warning: Cell type '$_AND_' not recognised! Ignoring.
Warning: Cell type '$_NOT_' not recognised! Ignoring.
Warning: Cell type '$_AND_' not recognised! Ignoring.
Warning: Cell type '$_NOT_' not recognised! Ignoring.
Warning: Cell type '$_XOR_' not recognised! Ignoring.
Warning: Cell type '$_AND_' not recognised! Ignoring.
Warning: Cell type '$_NOT_' not recognised! Ignoring.
Warning: Cell type '$_AND_' not recognised! Ignoring.
Warning: Cell type '$_NOT_' not recognised! Ignoring.
Warning: Cell type '$_AND_' not recognised! Ignoring.
Warning: Cell type '$_NOT_' not recognised! Ignoring.
Warning: Cell type '$_XOR_' not recognised! Ignoring.
Warning: Cell type '$_AND_' not recognised! Ignoring.
Warning: Cell type '$_NOT_' not recognised! Ignoring.
Warning: Cell type '$_AND_' not recognised! Ignoring.
Warning: Cell type '$_NOT_' not recognised! Ignoring.
Warning: Cell type '$_AND_' not recognised! Ignoring.
Warning: Cell type '$_NOT_' not recognised! Ignoring.
Warning: Cell type '$_AND_' not recognised! Ignoring.
Warning: Cell type '$_NOT_' not recognised! Ignoring.
Warning: Cell type '$_AND_' not recognised! Ignoring.
Warning: Cell type '$_AND_' not recognised! Ignoring.
Warning: Cell type '$_NOT_' not recognised! Ignoring.
Warning: Cell type '$_AND_' not recognised! Ignoring.
Warning: Cell type '$_NOT_' not recognised! Ignoring.
Warning: Cell type '$_AND_' not recognised! Ignoring.
Warning: Cell type '$_NOT_' not recognised! Ignoring.
Warning: Cell type '$_AND_' not recognised! Ignoring.
Warning: Cell type '$_AND_' not recognised! Ignoring.
Warning: Cell type '$_NOT_' not recognised! Ignoring.
Warning: Cell type '$_AND_' not recognised! Ignoring.
Warning: Cell type '$_NOT_' not recognised! Ignoring.
Warning: Cell type '$_AND_' not recognised! Ignoring.
Warning: Cell type '$_NOT_' not recognised! Ignoring.
Warning: Cell type '$_AND_' not recognised! Ignoring.
Warning: Cell type '$_NOT_' not recognised! Ignoring.
Warning: Cell type '$_XOR_' not recognised! Ignoring.
Warning: Cell type '$_AND_' not recognised! Ignoring.
Warning: Cell type '$_NOT_' not recognised! Ignoring.
Warning: Cell type '$_AND_' not recognised! Ignoring.
Warning: Cell type '$_NOT_' not recognised! Ignoring.
Warning: Cell type '$_AND_' not recognised! Ignoring.
Warning: Cell type '$_NOT_' not recognised! Ignoring.
Warning: Cell type '$_AND_' not recognised! Ignoring.
Warning: Cell type '$_NOT_' not recognised! Ignoring.
Warning: Cell type '$_AND_' not recognised! Ignoring.
Warning: Cell type '$_NOT_' not recognised! Ignoring.
Warning: Cell type '$_AND_' not recognised! Ignoring.
Warning: Cell type '$_AND_' not recognised! Ignoring.
Warning: Cell type '$_NOT_' not recognised! Ignoring.
Warning: Cell type '$_AND_' not recognised! Ignoring.
Warning: Cell type '$_AND_' not recognised! Ignoring.
Warning: Cell type '$_NOT_' not recognised! Ignoring.
Warning: Cell type '$_AND_' not recognised! Ignoring.
Warning: Cell type '$_NOT_' not recognised! Ignoring.
Warning: Cell type '$_AND_' not recognised! Ignoring.
Warning: Cell type '$_NOT_' not recognised! Ignoring.
Warning: Cell type '$_AND_' not recognised! Ignoring.
Warning: Cell type '$_AND_' not recognised! Ignoring.
Warning: Cell type '$_NOT_' not recognised! Ignoring.
Warning: Cell type '$_AND_' not recognised! Ignoring.
Warning: Cell type '$_AND_' not recognised! Ignoring.
Warning: Cell type '$_NOT_' not recognised! Ignoring.
Warning: Cell type '$_AND_' not recognised! Ignoring.
Warning: Cell type '$_AND_' not recognised! Ignoring.
Warning: Cell type '$_NOT_' not recognised! Ignoring.
Warning: Cell type '$_XOR_' not recognised! Ignoring.
Warning: Cell type '$_XOR_' not recognised! Ignoring.
Warning: Cell type '$_NOT_' not recognised! Ignoring.
Warning: Cell type '$_XOR_' not recognised! Ignoring.
Warning: Cell type '$_NOT_' not recognised! Ignoring.
Warning: Cell type '$_AND_' not recognised! Ignoring.
Warning: Cell type '$_NOT_' not recognised! Ignoring.
Warning: Cell type '$_XOR_' not recognised! Ignoring.
Warning: Cell type '$_AND_' not recognised! Ignoring.
Warning: Cell type '$_NOT_' not recognised! Ignoring.
Warning: Cell type '$_XOR_' not recognised! Ignoring.
Warning: Cell type '$_AND_' not recognised! Ignoring.
Warning: Cell type '$_NOT_' not recognised! Ignoring.
Warning: Cell type '$_AND_' not recognised! Ignoring.
Warning: Cell type '$_NOT_' not recognised! Ignoring.
Warning: Cell type '$_AND_' not recognised! Ignoring.
Warning: Cell type '$_NOT_' not recognised! Ignoring.
Warning: Cell type '$_AND_' not recognised! Ignoring.
Warning: Cell type '$_NOT_' not recognised! Ignoring.
Warning: Cell type '$_XOR_' not recognised! Ignoring.
Warning: Cell type '$_XOR_' not recognised! Ignoring.
Warning: Cell type '$_XOR_' not recognised! Ignoring.
Warning: Cell type '$_AND_' not recognised! Ignoring.
Warning: Cell type '$_NOT_' not recognised! Ignoring.
Warning: Cell type '$_AND_' not recognised! Ignoring.
Warning: Cell type '$_NOT_' not recognised! Ignoring.
Warning: Cell type '$_AND_' not recognised! Ignoring.
Warning: Cell type '$_XOR_' not recognised! Ignoring.
Warning: Cell type '$_XOR_' not recognised! Ignoring.
Warning: Cell type '$_NOT_' not recognised! Ignoring.
Warning: Cell type '$_XOR_' not recognised! Ignoring.
Warning: Cell type '$_AND_' not recognised! Ignoring.
Warning: Cell type '$_NOT_' not recognised! Ignoring.
Warning: Cell type '$_XOR_' not recognised! Ignoring.
Warning: Cell type '$_XOR_' not recognised! Ignoring.
Warning: Cell type '$_NOT_' not recognised! Ignoring.
Warning: Cell type '$_AND_' not recognised! Ignoring.
Warning: Cell type '$_NOT_' not recognised! Ignoring.
Warning: Cell type '$_AND_' not recognised! Ignoring.
Warning: Cell type '$_NOT_' not recognised! Ignoring.
Warning: Cell type '$_XOR_' not recognised! Ignoring.
Warning: Cell type '$_NOT_' not recognised! Ignoring.
Warning: Cell type '$_AND_' not recognised! Ignoring.
Warning: Cell type '$_XOR_' not recognised! Ignoring.
Warning: Cell type '$_XOR_' not recognised! Ignoring.
Warning: Cell type '$_NOT_' not recognised! Ignoring.
Warning: Cell type '$_AND_' not recognised! Ignoring.
Warning: Cell type '$_NOT_' not recognised! Ignoring.
Warning: Cell type '$_XOR_' not recognised! Ignoring.
Warning: Cell type '$_XOR_' not recognised! Ignoring.
Warning: Cell type '$_NOT_' not recognised! Ignoring.
Warning: Cell type '$_XOR_' not recognised! Ignoring.
Warning: Cell type '$_NOT_' not recognised! Ignoring.
Warning: Cell type '$_AND_' not recognised! Ignoring.
Warning: Cell type '$_XOR_' not recognised! Ignoring.
Warning: Cell type '$_XOR_' not recognised! Ignoring.
Warning: Cell type '$_AND_' not recognised! Ignoring.
Warning: Cell type '$_NOT_' not recognised! Ignoring.
Warning: Cell type '$_AND_' not recognised! Ignoring.
Warning: Cell type '$_NOT_' not recognised! Ignoring.
Warning: Cell type '$_XOR_' not recognised! Ignoring.
Warning: Cell type '$_NOT_' not recognised! Ignoring.
Warning: Cell type '$_AND_' not recognised! Ignoring.
Warning: Cell type '$_XOR_' not recognised! Ignoring.
Warning: Cell type '$_XOR_' not recognised! Ignoring.
Warning: Cell type '$_XOR_' not recognised! Ignoring.
Warning: Cell type '$_AND_' not recognised! Ignoring.
Warning: Cell type '$_NOT_' not recognised! Ignoring.
Warning: Cell type '$_XOR_' not recognised! Ignoring.
Warning: Cell type '$_NOT_' not recognised! Ignoring.
Warning: Cell type '$_XOR_' not recognised! Ignoring.
Warning: Cell type '$_XOR_' not recognised! Ignoring.
Warning: Cell type '$_NOT_' not recognised! Ignoring.
Warning: Cell type '$_AND_' not recognised! Ignoring.
Warning: Cell type '$_XOR_' not recognised! Ignoring.
Warning: Cell type '$_XOR_' not recognised! Ignoring.
Warning: Cell type '$_AND_' not recognised! Ignoring.
Warning: Cell type '$_NOT_' not recognised! Ignoring.
Warning: Cell type '$_AND_' not recognised! Ignoring.
Warning: Cell type '$_NOT_' not recognised! Ignoring.
Warning: Cell type '$_XOR_' not recognised! Ignoring.
Warning: Cell type '$_XOR_' not recognised! Ignoring.
Warning: Cell type '$_XOR_' not recognised! Ignoring.
Warning: Cell type '$_NOT_' not recognised! Ignoring.
Warning: Cell type '$_XOR_' not recognised! Ignoring.
Warning: Cell type '$_AND_' not recognised! Ignoring.
Warning: Cell type '$_NOT_' not recognised! Ignoring.
Warning: Cell type '$_XOR_' not recognised! Ignoring.
Warning: Cell type '$_XOR_' not recognised! Ignoring.
Warning: Cell type '$_XOR_' not recognised! Ignoring.
Warning: Cell type '$_NOT_' not recognised! Ignoring.
Warning: Cell type '$_AND_' not recognised! Ignoring.
Warning: Cell type '$_NOT_' not recognised! Ignoring.
Warning: Cell type '$_AND_' not recognised! Ignoring.
Warning: Cell type '$_NOT_' not recognised! Ignoring.
Warning: Cell type '$_XOR_' not recognised! Ignoring.
Warning: Cell type '$_XOR_' not recognised! Ignoring.
Warning: Cell type '$_AND_' not recognised! Ignoring.
Warning: Cell type '$_NOT_' not recognised! Ignoring.
Warning: Cell type '$_XOR_' not recognised! Ignoring.
Warning: Cell type '$_XOR_' not recognised! Ignoring.
Warning: Cell type '$_XOR_' not recognised! Ignoring.
Warning: Cell type '$_AND_' not recognised! Ignoring.
Warning: Cell type '$_NOT_' not recognised! Ignoring.
Warning: Cell type '$_XOR_' not recognised! Ignoring.
Warning: Cell type '$_XOR_' not recognised! Ignoring.
Warning: Cell type '$_AND_' not recognised! Ignoring.
Warning: Cell type '$_NOT_' not recognised! Ignoring.
Warning: Cell type '$_XOR_' not recognised! Ignoring.
Warning: Cell type '$_XOR_' not recognised! Ignoring.
Warning: Cell type '$_XOR_' not recognised! Ignoring.
Warning: Cell type '$_AND_' not recognised! Ignoring.
Warning: Cell type '$_NOT_' not recognised! Ignoring.
Warning: Cell type '$_XOR_' not recognised! Ignoring.
Warning: Cell type '$_XOR_' not recognised! Ignoring.
Warning: Cell type '$_XOR_' not recognised! Ignoring.
Warning: Cell type '$_AND_' not recognised! Ignoring.
Warning: Cell type '$_NOT_' not recognised! Ignoring.
Warning: Cell type '$_XOR_' not recognised! Ignoring.
Warning: Cell type '$_XOR_' not recognised! Ignoring.
Warning: Cell type '$_XOR_' not recognised! Ignoring.
Warning: Cell type '$_XOR_' not recognised! Ignoring.
Warning: Cell type '$_NOT_' not recognised! Ignoring.
Warning: Cell type '$_AND_' not recognised! Ignoring.
Warning: Cell type '$_NOT_' not recognised! Ignoring.
Warning: Cell type '$_AND_' not recognised! Ignoring.
Warning: Cell type '$_NOT_' not recognised! Ignoring.
Warning: Cell type '$_XOR_' not recognised! Ignoring.
Warning: Cell type '$_XOR_' not recognised! Ignoring.
Warning: Cell type '$_AND_' not recognised! Ignoring.
Warning: Cell type '$_NOT_' not recognised! Ignoring.
Warning: Cell type '$_XOR_' not recognised! Ignoring.
Warning: Cell type '$_XOR_' not recognised! Ignoring.
Warning: Cell type '$_XOR_' not recognised! Ignoring.
Warning: Cell type '$_AND_' not recognised! Ignoring.
Warning: Cell type '$_NOT_' not recognised! Ignoring.
Warning: Cell type '$_XOR_' not recognised! Ignoring.
Warning: Cell type '$_AND_' not recognised! Ignoring.
Warning: Cell type '$_NOT_' not recognised! Ignoring.
Warning: Cell type '$_AND_' not recognised! Ignoring.
Warning: Cell type '$_NOT_' not recognised! Ignoring.
Warning: Cell type '$_AND_' not recognised! Ignoring.
Warning: Cell type '$_NOT_' not recognised! Ignoring.
Warning: Cell type '$_AND_' not recognised! Ignoring.
Warning: Cell type '$_AND_' not recognised! Ignoring.
Warning: Cell type '$_NOT_' not recognised! Ignoring.
Warning: Cell type '$_AND_' not recognised! Ignoring.
Warning: Cell type '$_AND_' not recognised! Ignoring.
Warning: Cell type '$_NOT_' not recognised! Ignoring.
Warning: Cell type '$_AND_' not recognised! Ignoring.
Warning: Cell type '$_NOT_' not recognised! Ignoring.
Warning: Cell type '$_AND_' not recognised! Ignoring.
Warning: Cell type '$_NOT_' not recognised! Ignoring.
Warning: Cell type '$_AND_' not recognised! Ignoring.
Warning: Cell type '$_NOT_' not recognised! Ignoring.
Warning: Cell type '$_AND_' not recognised! Ignoring.
Warning: Cell type '$_NOT_' not recognised! Ignoring.
Warning: Cell type '$_AND_' not recognised! Ignoring.
Warning: Cell type '$_NOT_' not recognised! Ignoring.
Warning: Cell type '$_XOR_' not recognised! Ignoring.
Warning: Cell type '$_AND_' not recognised! Ignoring.
Warning: Cell type '$_NOT_' not recognised! Ignoring.
Warning: Cell type '$_AND_' not recognised! Ignoring.
Warning: Cell type '$_NOT_' not recognised! Ignoring.
Warning: Cell type '$_AND_' not recognised! Ignoring.
Warning: Cell type '$_NOT_' not recognised! Ignoring.
Warning: Cell type '$_AND_' not recognised! Ignoring.
Warning: Cell type '$_AND_' not recognised! Ignoring.
Warning: Cell type '$_NOT_' not recognised! Ignoring.
Warning: Cell type '$_AND_' not recognised! Ignoring.
Warning: Cell type '$_AND_' not recognised! Ignoring.
Warning: Cell type '$_NOT_' not recognised! Ignoring.
Warning: Cell type '$_AND_' not recognised! Ignoring.
Warning: Cell type '$_AND_' not recognised! Ignoring.
Warning: Cell type '$_NOT_' not recognised! Ignoring.
Warning: Cell type '$_AND_' not recognised! Ignoring.
Warning: Cell type '$_AND_' not recognised! Ignoring.
Warning: Cell type '$_NOT_' not recognised! Ignoring.
Warning: Cell type '$_AND_' not recognised! Ignoring.
Warning: Cell type '$_AND_' not recognised! Ignoring.
Warning: Cell type '$_NOT_' not recognised! Ignoring.
Warning: Cell type '$_AND_' not recognised! Ignoring.
Warning: Cell type '$_AND_' not recognised! Ignoring.
Warning: Cell type '$_NOT_' not recognised! Ignoring.
Warning: Cell type '$_AND_' not recognised! Ignoring.
Warning: Cell type '$_AND_' not recognised! Ignoring.
Warning: Cell type '$_NOT_' not recognised! Ignoring.
Warning: Cell type '$_AND_' not recognised! Ignoring.
Warning: Cell type '$_AND_' not recognised! Ignoring.
Warning: Cell type '$_NOT_' not recognised! Ignoring.
Warning: Cell type '$_AND_' not recognised! Ignoring.
Warning: Cell type '$_XOR_' not recognised! Ignoring.
Warning: Cell type '$_NOT_' not recognised! Ignoring.
Warning: Cell type '$_XOR_' not recognised! Ignoring.
Warning: Cell type '$_NOT_' not recognised! Ignoring.
Warning: Cell type '$_AND_' not recognised! Ignoring.
Warning: Cell type '$_XOR_' not recognised! Ignoring.
Warning: Cell type '$_NOT_' not recognised! Ignoring.
Warning: Cell type '$_XOR_' not recognised! Ignoring.
Warning: Cell type '$_AND_' not recognised! Ignoring.
Warning: Cell type '$_NOT_' not recognised! Ignoring.
Warning: Cell type '$_XOR_' not recognised! Ignoring.
Warning: Cell type '$_AND_' not recognised! Ignoring.
Warning: Cell type '$_NOT_' not recognised! Ignoring.
Warning: Cell type '$_AND_' not recognised! Ignoring.
Warning: Cell type '$_NOT_' not recognised! Ignoring.
Warning: Cell type '$_AND_' not recognised! Ignoring.
Warning: Cell type '$_NOT_' not recognised! Ignoring.
Warning: Cell type '$_XOR_' not recognised! Ignoring.
Warning: Cell type '$_AND_' not recognised! Ignoring.
Warning: Cell type '$_NOT_' not recognised! Ignoring.
Warning: Cell type '$_XOR_' not recognised! Ignoring.
Warning: Cell type '$_NOT_' not recognised! Ignoring.
Warning: Cell type '$_AND_' not recognised! Ignoring.
Warning: Cell type '$_NOT_' not recognised! Ignoring.
Warning: Cell type '$_AND_' not recognised! Ignoring.
Warning: Cell type '$_NOT_' not recognised! Ignoring.
Warning: Cell type '$_AND_' not recognised! Ignoring.
Warning: Cell type '$_NOT_' not recognised! Ignoring.
Warning: Cell type '$_AND_' not recognised! Ignoring.
Warning: Cell type '$_NOT_' not recognised! Ignoring.
Warning: Cell type '$_AND_' not recognised! Ignoring.
Warning: Cell type '$_NOT_' not recognised! Ignoring.
Warning: Cell type '$_XOR_' not recognised! Ignoring.
Warning: Cell type '$_NOT_' not recognised! Ignoring.
Warning: Cell type '$_AND_' not recognised! Ignoring.
Warning: Cell type '$_NOT_' not recognised! Ignoring.
Warning: Cell type '$_AND_' not recognised! Ignoring.
Warning: Cell type '$_NOT_' not recognised! Ignoring.
Warning: Cell type '$_XOR_' not recognised! Ignoring.
Warning: Cell type '$_NOT_' not recognised! Ignoring.
Warning: Cell type '$_AND_' not recognised! Ignoring.
Warning: Cell type '$_NOT_' not recognised! Ignoring.
Warning: Cell type '$_AND_' not recognised! Ignoring.
Warning: Cell type '$_XOR_' not recognised! Ignoring.
Warning: Cell type '$_XOR_' not recognised! Ignoring.
Warning: Cell type '$_XOR_' not recognised! Ignoring.
Warning: Cell type '$_AND_' not recognised! Ignoring.
Warning: Cell type '$_NOT_' not recognised! Ignoring.
Warning: Cell type '$_XOR_' not recognised! Ignoring.
Warning: Cell type '$_XOR_' not recognised! Ignoring.
Warning: Cell type '$_XOR_' not recognised! Ignoring.
Warning: Cell type '$_NOT_' not recognised! Ignoring.
Warning: Cell type '$_AND_' not recognised! Ignoring.
Warning: Cell type '$_NOT_' not recognised! Ignoring.
Warning: Cell type '$_AND_' not recognised! Ignoring.
Warning: Cell type '$_NOT_' not recognised! Ignoring.
Warning: Cell type '$_XOR_' not recognised! Ignoring.
Warning: Cell type '$_NOT_' not recognised! Ignoring.
Warning: Cell type '$_XOR_' not recognised! Ignoring.
Warning: Cell type '$_AND_' not recognised! Ignoring.
Warning: Cell type '$_NOT_' not recognised! Ignoring.
Warning: Cell type '$_XOR_' not recognised! Ignoring.
Warning: Cell type '$_XOR_' not recognised! Ignoring.
Warning: Cell type '$_XOR_' not recognised! Ignoring.
Warning: Cell type '$_NOT_' not recognised! Ignoring.
Warning: Cell type '$_AND_' not recognised! Ignoring.
Warning: Cell type '$_NOT_' not recognised! Ignoring.
Warning: Cell type '$_AND_' not recognised! Ignoring.
Warning: Cell type '$_NOT_' not recognised! Ignoring.
Warning: Cell type '$_XOR_' not recognised! Ignoring.
Warning: Cell type '$_XOR_' not recognised! Ignoring.
Warning: Cell type '$_XOR_' not recognised! Ignoring.
Warning: Cell type '$_AND_' not recognised! Ignoring.
Warning: Cell type '$_NOT_' not recognised! Ignoring.
Warning: Cell type '$_XOR_' not recognised! Ignoring.
Warning: Cell type '$_AND_' not recognised! Ignoring.
Warning: Cell type '$_NOT_' not recognised! Ignoring.
Warning: Cell type '$_AND_' not recognised! Ignoring.
Warning: Cell type '$_AND_' not recognised! Ignoring.
Warning: Cell type '$_NOT_' not recognised! Ignoring.
Warning: Cell type '$_AND_' not recognised! Ignoring.
Warning: Cell type '$_AND_' not recognised! Ignoring.
Warning: Cell type '$_NOT_' not recognised! Ignoring.
Warning: Cell type '$_AND_' not recognised! Ignoring.
Warning: Cell type '$_AND_' not recognised! Ignoring.
Warning: Cell type '$_NOT_' not recognised! Ignoring.
Warning: Cell type '$_AND_' not recognised! Ignoring.
Warning: Cell type '$_AND_' not recognised! Ignoring.
Warning: Cell type '$_NOT_' not recognised! Ignoring.
Warning: Cell type '$_AND_' not recognised! Ignoring.
Warning: Cell type '$_AND_' not recognised! Ignoring.
Warning: Cell type '$_NOT_' not recognised! Ignoring.
Warning: Cell type '$_AND_' not recognised! Ignoring.
Warning: Cell type '$_NOT_' not recognised! Ignoring.
Warning: Cell type '$_AND_' not recognised! Ignoring.
Warning: Cell type '$_NOT_' not recognised! Ignoring.
Warning: Cell type '$_XOR_' not recognised! Ignoring.
Warning: Cell type '$_XOR_' not recognised! Ignoring.
Warning: Cell type '$_XOR_' not recognised! Ignoring.
Warning: Cell type '$_NOT_' not recognised! Ignoring.
Warning: Cell type '$_XOR_' not recognised! Ignoring.
Warning: Cell type '$_NOT_' not recognised! Ignoring.
Warning: Cell type '$_AND_' not recognised! Ignoring.
Warning: Cell type '$_NOT_' not recognised! Ignoring.
Warning: Cell type '$_AND_' not recognised! Ignoring.
Warning: Cell type '$_NOT_' not recognised! Ignoring.
Warning: Cell type '$_AND_' not recognised! Ignoring.
Warning: Cell type '$_XOR_' not recognised! Ignoring.
Warning: Cell type '$_NOT_' not recognised! Ignoring.
Warning: Cell type '$_XOR_' not recognised! Ignoring.
Warning: Cell type '$_XOR_' not recognised! Ignoring.
Warning: Cell type '$_NOT_' not recognised! Ignoring.
Warning: Cell type '$_AND_' not recognised! Ignoring.
Warning: Cell type '$_NOT_' not recognised! Ignoring.
Warning: Cell type '$_XOR_' not recognised! Ignoring.
Warning: Cell type '$_XOR_' not recognised! Ignoring.
Warning: Cell type '$_XOR_' not recognised! Ignoring.
Warning: Cell type '$_NOT_' not recognised! Ignoring.
Warning: Cell type '$_XOR_' not recognised! Ignoring.
Warning: Cell type '$_NOT_' not recognised! Ignoring.
Warning: Cell type '$_XOR_' not recognised! Ignoring.
Warning: Cell type '$_NOT_' not recognised! Ignoring.
Warning: Cell type '$_AND_' not recognised! Ignoring.
Warning: Cell type '$_NOT_' not recognised! Ignoring.
Warning: Cell type '$_AND_' not recognised! Ignoring.
Warning: Cell type '$_NOT_' not recognised! Ignoring.
Warning: Cell type '$_XOR_' not recognised! Ignoring.
Warning: Cell type '$_XOR_' not recognised! Ignoring.
Warning: Cell type '$_XOR_' not recognised! Ignoring.
Warning: Cell type '$_AND_' not recognised! Ignoring.
Warning: Cell type '$_NOT_' not recognised! Ignoring.
Warning: Cell type '$_XOR_' not recognised! Ignoring.
Warning: Cell type '$_XOR_' not recognised! Ignoring.
Warning: Cell type '$_XOR_' not recognised! Ignoring.
Warning: Cell type '$_NOT_' not recognised! Ignoring.
Warning: Cell type '$_XOR_' not recognised! Ignoring.
Warning: Cell type '$_NOT_' not recognised! Ignoring.
Warning: Cell type '$_XOR_' not recognised! Ignoring.
Warning: Cell type '$_NOT_' not recognised! Ignoring.
Warning: Cell type '$_AND_' not recognised! Ignoring.
Warning: Cell type '$_NOT_' not recognised! Ignoring.
Warning: Cell type '$_AND_' not recognised! Ignoring.
Warning: Cell type '$_NOT_' not recognised! Ignoring.
Warning: Cell type '$_XOR_' not recognised! Ignoring.
Warning: Cell type '$_XOR_' not recognised! Ignoring.
Warning: Cell type '$_XOR_' not recognised! Ignoring.
Warning: Cell type '$_XOR_' not recognised! Ignoring.
Warning: Cell type '$_AND_' not recognised! Ignoring.
Warning: Cell type '$_NOT_' not recognised! Ignoring.
Warning: Cell type '$_XOR_' not recognised! Ignoring.
Warning: Cell type '$_XOR_' not recognised! Ignoring.
Warning: Cell type '$_NOT_' not recognised! Ignoring.
Warning: Cell type '$_XOR_' not recognised! Ignoring.
Warning: Cell type '$_NOT_' not recognised! Ignoring.
Warning: Cell type '$_AND_' not recognised! Ignoring.
Warning: Cell type '$_NOT_' not recognised! Ignoring.
Warning: Cell type '$_AND_' not recognised! Ignoring.
Warning: Cell type '$_NOT_' not recognised! Ignoring.
Warning: Cell type '$_XOR_' not recognised! Ignoring.
Warning: Cell type '$_NOT_' not recognised! Ignoring.
Warning: Cell type '$_XOR_' not recognised! Ignoring.
Warning: Cell type '$_XOR_' not recognised! Ignoring.
Warning: Cell type '$_XOR_' not recognised! Ignoring.
Warning: Cell type '$_XOR_' not recognised! Ignoring.
Warning: Cell type '$_AND_' not recognised! Ignoring.
Warning: Cell type '$_NOT_' not recognised! Ignoring.
Warning: Cell type '$_XOR_' not recognised! Ignoring.
Warning: Cell type '$_XOR_' not recognised! Ignoring.
Warning: Cell type '$_XOR_' not recognised! Ignoring.
Warning: Cell type '$_XOR_' not recognised! Ignoring.
Warning: Cell type '$_XOR_' not recognised! Ignoring.
Warning: Cell type '$_AND_' not recognised! Ignoring.
Warning: Cell type '$_NOT_' not recognised! Ignoring.
Warning: Cell type '$_XOR_' not recognised! Ignoring.
Warning: Cell type '$_XOR_' not recognised! Ignoring.
Warning: Cell type '$_NOT_' not recognised! Ignoring.
Warning: Cell type '$_XOR_' not recognised! Ignoring.
Warning: Cell type '$_NOT_' not recognised! Ignoring.
Warning: Cell type '$_AND_' not recognised! Ignoring.
Warning: Cell type '$_NOT_' not recognised! Ignoring.
Warning: Cell type '$_XOR_' not recognised! Ignoring.
Warning: Cell type '$_AND_' not recognised! Ignoring.
Warning: Cell type '$_NOT_' not recognised! Ignoring.
Warning: Cell type '$_AND_' not recognised! Ignoring.
Warning: Cell type '$_NOT_' not recognised! Ignoring.
Warning: Cell type '$_XOR_' not recognised! Ignoring.
Warning: Cell type '$_AND_' not recognised! Ignoring.
Warning: Cell type '$_NOT_' not recognised! Ignoring.
Warning: Cell type '$_XOR_' not recognised! Ignoring.
Warning: Cell type '$_XOR_' not recognised! Ignoring.
Warning: Cell type '$_NOT_' not recognised! Ignoring.
Warning: Cell type '$_AND_' not recognised! Ignoring.
Warning: Cell type '$_NOT_' not recognised! Ignoring.
Warning: Cell type '$_AND_' not recognised! Ignoring.
Warning: Cell type '$_NOT_' not recognised! Ignoring.
Warning: Cell type '$_XOR_' not recognised! Ignoring.
Warning: Cell type '$_AND_' not recognised! Ignoring.
Warning: Cell type '$_NOT_' not recognised! Ignoring.
Warning: Cell type '$_XOR_' not recognised! Ignoring.
Warning: Cell type '$_XOR_' not recognised! Ignoring.
Warning: Cell type '$_NOT_' not recognised! Ignoring.
Warning: Cell type '$_AND_' not recognised! Ignoring.
Warning: Cell type '$_NOT_' not recognised! Ignoring.
Warning: Cell type '$_AND_' not recognised! Ignoring.
Warning: Cell type '$_NOT_' not recognised! Ignoring.
Warning: Cell type '$_XOR_' not recognised! Ignoring.
Warning: Cell type '$_AND_' not recognised! Ignoring.
Warning: Cell type '$_NOT_' not recognised! Ignoring.
Warning: Cell type '$_XOR_' not recognised! Ignoring.
Warning: Cell type '$_AND_' not recognised! Ignoring.
Warning: Cell type '$_NOT_' not recognised! Ignoring.
Warning: Cell type '$_AND_' not recognised! Ignoring.
Warning: Cell type '$_NOT_' not recognised! Ignoring.
Warning: Cell type '$_AND_' not recognised! Ignoring.
Warning: Cell type '$_AND_' not recognised! Ignoring.
Warning: Cell type '$_NOT_' not recognised! Ignoring.
Warning: Cell type '$_AND_' not recognised! Ignoring.
Warning: Cell type '$_AND_' not recognised! Ignoring.
Warning: Cell type '$_NOT_' not recognised! Ignoring.
Warning: Cell type '$_AND_' not recognised! Ignoring.
Warning: Cell type '$_AND_' not recognised! Ignoring.
Warning: Cell type '$_NOT_' not recognised! Ignoring.
Warning: Cell type '$_AND_' not recognised! Ignoring.
Warning: Cell type '$_AND_' not recognised! Ignoring.
Warning: Cell type '$_NOT_' not recognised! Ignoring.
Warning: Cell type '$_AND_' not recognised! Ignoring.
Warning: Cell type '$_AND_' not recognised! Ignoring.
Warning: Cell type '$_NOT_' not recognised! Ignoring.
Warning: Cell type '$_AND_' not recognised! Ignoring.
Warning: Cell type '$_AND_' not recognised! Ignoring.
Warning: Cell type '$_NOT_' not recognised! Ignoring.
Warning: Cell type '$_AND_' not recognised! Ignoring.
Warning: Cell type '$_NOT_' not recognised! Ignoring.
Warning: Cell type '$_XOR_' not recognised! Ignoring.
Warning: Cell type '$_XOR_' not recognised! Ignoring.
Warning: Cell type '$_XOR_' not recognised! Ignoring.
Warning: Cell type '$_NOT_' not recognised! Ignoring.
Warning: Cell type '$_AND_' not recognised! Ignoring.
Warning: Cell type '$_NOT_' not recognised! Ignoring.
Warning: Cell type '$_XOR_' not recognised! Ignoring.
Warning: Cell type '$_XOR_' not recognised! Ignoring.
Warning: Cell type '$_XOR_' not recognised! Ignoring.
Warning: Cell type '$_XOR_' not recognised! Ignoring.
Warning: Cell type '$_XOR_' not recognised! Ignoring.
Warning: Cell type '$_AND_' not recognised! Ignoring.
Warning: Cell type '$_NOT_' not recognised! Ignoring.
Warning: Cell type '$_XOR_' not recognised! Ignoring.
Warning: Cell type '$_AND_' not recognised! Ignoring.
Warning: Cell type '$_XOR_' not recognised! Ignoring.
Warning: Cell type '$_NOT_' not recognised! Ignoring.
Warning: Cell type '$_XOR_' not recognised! Ignoring.
Warning: Cell type '$_NOT_' not recognised! Ignoring.
Warning: Cell type '$_AND_' not recognised! Ignoring.
Warning: Cell type '$_NOT_' not recognised! Ignoring.
Warning: Cell type '$_XOR_' not recognised! Ignoring.
Warning: Cell type '$_XOR_' not recognised! Ignoring.
Warning: Cell type '$_XOR_' not recognised! Ignoring.
Warning: Cell type '$_XOR_' not recognised! Ignoring.
Warning: Cell type '$_NOT_' not recognised! Ignoring.
Warning: Cell type '$_XOR_' not recognised! Ignoring.
Warning: Cell type '$_AND_' not recognised! Ignoring.
Warning: Cell type '$_NOT_' not recognised! Ignoring.
Warning: Cell type '$_XOR_' not recognised! Ignoring.
Warning: Cell type '$_XOR_' not recognised! Ignoring.
Warning: Cell type '$_XOR_' not recognised! Ignoring.
Warning: Cell type '$_NOT_' not recognised! Ignoring.
Warning: Cell type '$_XOR_' not recognised! Ignoring.
Warning: Cell type '$_AND_' not recognised! Ignoring.
Warning: Cell type '$_NOT_' not recognised! Ignoring.
Warning: Cell type '$_XOR_' not recognised! Ignoring.
Warning: Cell type '$_XOR_' not recognised! Ignoring.
Warning: Cell type '$_XOR_' not recognised! Ignoring.
Warning: Cell type '$_XOR_' not recognised! Ignoring.
Warning: Cell type '$_NOT_' not recognised! Ignoring.
Warning: Cell type '$_XOR_' not recognised! Ignoring.
Warning: Cell type '$_AND_' not recognised! Ignoring.
Warning: Cell type '$_NOT_' not recognised! Ignoring.
Warning: Cell type '$_XOR_' not recognised! Ignoring.
Warning: Cell type '$_XOR_' not recognised! Ignoring.
Warning: Cell type '$_XOR_' not recognised! Ignoring.
Warning: Cell type '$_NOT_' not recognised! Ignoring.
Warning: Cell type '$_XOR_' not recognised! Ignoring.
Warning: Cell type '$_NOT_' not recognised! Ignoring.
Warning: Cell type '$_AND_' not recognised! Ignoring.
Warning: Cell type '$_NOT_' not recognised! Ignoring.
Warning: Cell type '$_XOR_' not recognised! Ignoring.
Warning: Cell type '$_XOR_' not recognised! Ignoring.
Warning: Cell type '$_NOT_' not recognised! Ignoring.
Warning: Cell type '$_XOR_' not recognised! Ignoring.
Warning: Cell type '$_AND_' not recognised! Ignoring.
Warning: Cell type '$_NOT_' not recognised! Ignoring.
Warning: Cell type '$_XOR_' not recognised! Ignoring.
Warning: Cell type '$_XOR_' not recognised! Ignoring.
Warning: Cell type '$_AND_' not recognised! Ignoring.
Warning: Cell type '$_NOT_' not recognised! Ignoring.
Warning: Cell type '$_XOR_' not recognised! Ignoring.
Warning: Cell type '$_XOR_' not recognised! Ignoring.
Warning: Cell type '$_AND_' not recognised! Ignoring.
Warning: Cell type '$_NOT_' not recognised! Ignoring.
Warning: Cell type '$_XOR_' not recognised! Ignoring.
Warning: Cell type '$_XOR_' not recognised! Ignoring.
Warning: Cell type '$_NOT_' not recognised! Ignoring.
Warning: Cell type '$_AND_' not recognised! Ignoring.
Warning: Cell type '$_NOT_' not recognised! Ignoring.
Warning: Cell type '$_XOR_' not recognised! Ignoring.
Warning: Cell type '$_XOR_' not recognised! Ignoring.
Warning: Cell type '$_AND_' not recognised! Ignoring.
Warning: Cell type '$_NOT_' not recognised! Ignoring.
Warning: Cell type '$_XOR_' not recognised! Ignoring.
Warning: Cell type '$_XOR_' not recognised! Ignoring.
Warning: Cell type '$_NOT_' not recognised! Ignoring.
Warning: Cell type '$_AND_' not recognised! Ignoring.
Warning: Cell type '$_NOT_' not recognised! Ignoring.
Warning: Cell type '$_XOR_' not recognised! Ignoring.
Warning: Cell type '$_XOR_' not recognised! Ignoring.
Warning: Cell type '$_AND_' not recognised! Ignoring.
Warning: Cell type '$_NOT_' not recognised! Ignoring.
Warning: Cell type '$_XOR_' not recognised! Ignoring.
Warning: Cell type '$_AND_' not recognised! Ignoring.
Warning: Cell type '$_NOT_' not recognised! Ignoring.
Warning: Cell type '$_AND_' not recognised! Ignoring.
Warning: Cell type '$_NOT_' not recognised! Ignoring.
Warning: Cell type '$_AND_' not recognised! Ignoring.
Warning: Cell type '$_NOT_' not recognised! Ignoring.
Warning: Cell type '$_AND_' not recognised! Ignoring.
Warning: Cell type '$_NOT_' not recognised! Ignoring.
Warning: Cell type '$_AND_' not recognised! Ignoring.
Warning: Cell type '$_NOT_' not recognised! Ignoring.
Warning: Cell type '$_AND_' not recognised! Ignoring.
Warning: Cell type '$_NOT_' not recognised! Ignoring.
Warning: Cell type '$_AND_' not recognised! Ignoring.
Warning: Cell type '$_NOT_' not recognised! Ignoring.
Warning: Cell type '$_AND_' not recognised! Ignoring.
Warning: Cell type '$_NOT_' not recognised! Ignoring.
Warning: Cell type '$_AND_' not recognised! Ignoring.
Warning: Cell type '$_NOT_' not recognised! Ignoring.
Warning: Cell type '$_AND_' not recognised! Ignoring.
Warning: Cell type '$_NOT_' not recognised! Ignoring.
Warning: Cell type '$_AND_' not recognised! Ignoring.
Warning: Cell type '$_NOT_' not recognised! Ignoring.
Warning: Cell type '$_AND_' not recognised! Ignoring.
Warning: Cell type '$_NOT_' not recognised! Ignoring.
Warning: Cell type '$_AND_' not recognised! Ignoring.
Warning: Cell type '$_NOT_' not recognised! Ignoring.
Warning: Cell type '$_AND_' not recognised! Ignoring.
Warning: Cell type '$_NOT_' not recognised! Ignoring.
Warning: Cell type '$_AND_' not recognised! Ignoring.
Warning: Cell type '$_NOT_' not recognised! Ignoring.
Warning: Cell type '$_AND_' not recognised! Ignoring.
Warning: Cell type '$_NOT_' not recognised! Ignoring.
Warning: Cell type '$_AND_' not recognised! Ignoring.
Warning: Cell type '$_NOT_' not recognised! Ignoring.
Warning: Cell type '$_AND_' not recognised! Ignoring.
Warning: Cell type '$_NOT_' not recognised! Ignoring.
Warning: Cell type '$_AND_' not recognised! Ignoring.
Warning: Cell type '$_NOT_' not recognised! Ignoring.
Warning: Cell type '$_AND_' not recognised! Ignoring.
Warning: Cell type '$_NOT_' not recognised! Ignoring.
Warning: Cell type '$_XOR_' not recognised! Ignoring.
Warning: Cell type '$_AND_' not recognised! Ignoring.
Warning: Cell type '$_NOT_' not recognised! Ignoring.
Warning: Cell type '$_AND_' not recognised! Ignoring.
Warning: Cell type '$_NOT_' not recognised! Ignoring.
Warning: Cell type '$_AND_' not recognised! Ignoring.
Warning: Cell type '$_NOT_' not recognised! Ignoring.
Warning: Cell type '$_AND_' not recognised! Ignoring.
Warning: Cell type '$_NOT_' not recognised! Ignoring.
Warning: Cell type '$_XOR_' not recognised! Ignoring.
Warning: Cell type '$_AND_' not recognised! Ignoring.
Warning: Cell type '$_NOT_' not recognised! Ignoring.
Warning: Cell type '$_AND_' not recognised! Ignoring.
Warning: Cell type '$_NOT_' not recognised! Ignoring.
Warning: Cell type '$_AND_' not recognised! Ignoring.
Warning: Cell type '$_NOT_' not recognised! Ignoring.
Warning: Cell type '$_AND_' not recognised! Ignoring.
Warning: Cell type '$_NOT_' not recognised! Ignoring.
Warning: Cell type '$_AND_' not recognised! Ignoring.
Warning: Cell type '$_NOT_' not recognised! Ignoring.
Warning: Cell type '$_AND_' not recognised! Ignoring.
Warning: Cell type '$_NOT_' not recognised! Ignoring.
Warning: Cell type '$_AND_' not recognised! Ignoring.
Warning: Cell type '$_NOT_' not recognised! Ignoring.
Warning: Cell type '$_AND_' not recognised! Ignoring.
Warning: Cell type '$_AND_' not recognised! Ignoring.
Warning: Cell type '$_NOT_' not recognised! Ignoring.
Warning: Cell type '$_AND_' not recognised! Ignoring.
Warning: Cell type '$_AND_' not recognised! Ignoring.
Warning: Cell type '$_NOT_' not recognised! Ignoring.
Warning: Cell type '$_AND_' not recognised! Ignoring.
Warning: Cell type '$_NOT_' not recognised! Ignoring.
Warning: Cell type '$_AND_' not recognised! Ignoring.
Warning: Cell type '$_NOT_' not recognised! Ignoring.
Warning: Cell type '$_AND_' not recognised! Ignoring.
Warning: Cell type '$_AND_' not recognised! Ignoring.
Warning: Cell type '$_NOT_' not recognised! Ignoring.
Warning: Cell type '$_AND_' not recognised! Ignoring.
Warning: Cell type '$_AND_' not recognised! Ignoring.
Warning: Cell type '$_NOT_' not recognised! Ignoring.
Warning: Cell type '$_AND_' not recognised! Ignoring.
Warning: Cell type '$_AND_' not recognised! Ignoring.
Warning: Cell type '$_NOT_' not recognised! Ignoring.
Warning: Cell type '$_AND_' not recognised! Ignoring.
Warning: Cell type '$_XOR_' not recognised! Ignoring.
Warning: Cell type '$_NOT_' not recognised! Ignoring.
Warning: Cell type '$_XOR_' not recognised! Ignoring.
Warning: Cell type '$_XOR_' not recognised! Ignoring.
Warning: Cell type '$_NOT_' not recognised! Ignoring.
Warning: Cell type '$_AND_' not recognised! Ignoring.
Warning: Cell type '$_NOT_' not recognised! Ignoring.
Warning: Cell type '$_XOR_' not recognised! Ignoring.
Warning: Cell type '$_XOR_' not recognised! Ignoring.
Warning: Cell type '$_NOT_' not recognised! Ignoring.
Warning: Cell type '$_AND_' not recognised! Ignoring.
Warning: Cell type '$_NOT_' not recognised! Ignoring.
Warning: Cell type '$_XOR_' not recognised! Ignoring.
Warning: Cell type '$_NOT_' not recognised! Ignoring.
Warning: Cell type '$_AND_' not recognised! Ignoring.
Warning: Cell type '$_NOT_' not recognised! Ignoring.
Warning: Cell type '$_AND_' not recognised! Ignoring.
Warning: Cell type '$_AND_' not recognised! Ignoring.
Warning: Cell type '$_NOT_' not recognised! Ignoring.
Warning: Cell type '$_XOR_' not recognised! Ignoring.
Warning: Cell type '$_XOR_' not recognised! Ignoring.
Warning: Cell type '$_NOT_' not recognised! Ignoring.
Warning: Cell type '$_XOR_' not recognised! Ignoring.
Warning: Cell type '$_NOT_' not recognised! Ignoring.
Warning: Cell type '$_AND_' not recognised! Ignoring.
Warning: Cell type '$_NOT_' not recognised! Ignoring.
Warning: Cell type '$_XOR_' not recognised! Ignoring.
Warning: Cell type '$_AND_' not recognised! Ignoring.
Warning: Cell type '$_NOT_' not recognised! Ignoring.
Warning: Cell type '$_XOR_' not recognised! Ignoring.
Warning: Cell type '$_AND_' not recognised! Ignoring.
Warning: Cell type '$_NOT_' not recognised! Ignoring.
Warning: Cell type '$_XOR_' not recognised! Ignoring.
Warning: Cell type '$_AND_' not recognised! Ignoring.
Warning: Cell type '$_NOT_' not recognised! Ignoring.
Warning: Cell type '$_AND_' not recognised! Ignoring.
Warning: Cell type '$_NOT_' not recognised! Ignoring.
Warning: Cell type '$_XOR_' not recognised! Ignoring.
Warning: Cell type '$_AND_' not recognised! Ignoring.
Warning: Cell type '$_XOR_' not recognised! Ignoring.
Warning: Cell type '$_NOT_' not recognised! Ignoring.
Warning: Cell type '$_XOR_' not recognised! Ignoring.
Warning: Cell type '$_XOR_' not recognised! Ignoring.
Warning: Cell type '$_AND_' not recognised! Ignoring.
Warning: Cell type '$_NOT_' not recognised! Ignoring.
Warning: Cell type '$_XOR_' not recognised! Ignoring.
Warning: Cell type '$_AND_' not recognised! Ignoring.
Warning: Cell type '$_NOT_' not recognised! Ignoring.
Warning: Cell type '$_XOR_' not recognised! Ignoring.
Warning: Cell type '$_AND_' not recognised! Ignoring.
Warning: Cell type '$_NOT_' not recognised! Ignoring.
Warning: Cell type '$_XOR_' not recognised! Ignoring.
Warning: Cell type '$_NOT_' not recognised! Ignoring.
Warning: Cell type '$_AND_' not recognised! Ignoring.
Warning: Cell type '$_NOT_' not recognised! Ignoring.
Warning: Cell type '$_XOR_' not recognised! Ignoring.
Warning: Cell type '$_NOT_' not recognised! Ignoring.
Warning: Cell type '$_AND_' not recognised! Ignoring.
Warning: Cell type '$_NOT_' not recognised! Ignoring.
Warning: Cell type '$_AND_' not recognised! Ignoring.
Warning: Cell type '$_AND_' not recognised! Ignoring.
Warning: Cell type '$_NOT_' not recognised! Ignoring.
Warning: Cell type '$_XOR_' not recognised! Ignoring.
Warning: Cell type '$_XOR_' not recognised! Ignoring.
Warning: Cell type '$_NOT_' not recognised! Ignoring.
Warning: Cell type '$_XOR_' not recognised! Ignoring.
Warning: Cell type '$_AND_' not recognised! Ignoring.
Warning: Cell type '$_NOT_' not recognised! Ignoring.
Warning: Cell type '$_XOR_' not recognised! Ignoring.
Warning: Cell type '$_AND_' not recognised! Ignoring.
Warning: Cell type '$_NOT_' not recognised! Ignoring.
Warning: Cell type '$_XOR_' not recognised! Ignoring.
Warning: Cell type '$_AND_' not recognised! Ignoring.
Warning: Cell type '$_NOT_' not recognised! Ignoring.
Warning: Cell type '$_XOR_' not recognised! Ignoring.
Warning: Cell type '$_AND_' not recognised! Ignoring.
Warning: Cell type '$_AND_' not recognised! Ignoring.
Warning: Cell type '$_NOT_' not recognised! Ignoring.
Warning: Cell type '$_AND_' not recognised! Ignoring.
Warning: Cell type '$_NOT_' not recognised! Ignoring.
Warning: Cell type '$_AND_' not recognised! Ignoring.
Warning: Cell type '$_XOR_' not recognised! Ignoring.
Warning: Cell type '$_NOT_' not recognised! Ignoring.
Warning: Cell type '$_XOR_' not recognised! Ignoring.
Warning: Cell type '$_NOT_' not recognised! Ignoring.
Warning: Cell type '$_XOR_' not recognised! Ignoring.
Warning: Cell type '$_AND_' not recognised! Ignoring.
Warning: Cell type '$_NOT_' not recognised! Ignoring.
Warning: Cell type '$_XOR_' not recognised! Ignoring.
Warning: Cell type '$_AND_' not recognised! Ignoring.
Warning: Cell type '$_NOT_' not recognised! Ignoring.
Warning: Cell type '$_XOR_' not recognised! Ignoring.
Warning: Cell type '$_AND_' not recognised! Ignoring.
Warning: Cell type '$_NOT_' not recognised! Ignoring.
Warning: Cell type '$_XOR_' not recognised! Ignoring.
Warning: Cell type '$_NOT_' not recognised! Ignoring.
Warning: Cell type '$_AND_' not recognised! Ignoring.
Warning: Cell type '$_NOT_' not recognised! Ignoring.
Warning: Cell type '$_XOR_' not recognised! Ignoring.
Warning: Cell type '$_NOT_' not recognised! Ignoring.
Warning: Cell type '$_AND_' not recognised! Ignoring.
Warning: Cell type '$_NOT_' not recognised! Ignoring.
Warning: Cell type '$_AND_' not recognised! Ignoring.
Warning: Cell type '$_AND_' not recognised! Ignoring.
Warning: Cell type '$_NOT_' not recognised! Ignoring.
Warning: Cell type '$_XOR_' not recognised! Ignoring.
Warning: Cell type '$_NOT_' not recognised! Ignoring.
Warning: Cell type '$_XOR_' not recognised! Ignoring.
Warning: Cell type '$_NOT_' not recognised! Ignoring.
Warning: Cell type '$_XOR_' not recognised! Ignoring.
Warning: Cell type '$_AND_' not recognised! Ignoring.
Warning: Cell type '$_NOT_' not recognised! Ignoring.
Warning: Cell type '$_XOR_' not recognised! Ignoring.
Warning: Cell type '$_AND_' not recognised! Ignoring.
Warning: Cell type '$_NOT_' not recognised! Ignoring.
Warning: Cell type '$_XOR_' not recognised! Ignoring.
Warning: Cell type '$_AND_' not recognised! Ignoring.
Warning: Cell type '$_NOT_' not recognised! Ignoring.
Warning: Cell type '$_XOR_' not recognised! Ignoring.
Warning: Cell type '$_NOT_' not recognised! Ignoring.
Warning: Cell type '$_XOR_' not recognised! Ignoring.
Warning: Cell type '$_AND_' not recognised! Ignoring.
Warning: Cell type '$_NOT_' not recognised! Ignoring.
Warning: Cell type '$_AND_' not recognised! Ignoring.
Warning: Cell type '$_NOT_' not recognised! Ignoring.
Warning: Cell type '$_AND_' not recognised! Ignoring.
Warning: Cell type '$_NOT_' not recognised! Ignoring.
Warning: Cell type '$_XOR_' not recognised! Ignoring.
Warning: Cell type '$_XOR_' not recognised! Ignoring.
Warning: Cell type '$_XOR_' not recognised! Ignoring.
Warning: Cell type '$_XOR_' not recognised! Ignoring.
Warning: Cell type '$_AND_' not recognised! Ignoring.
Warning: Cell type '$_NOT_' not recognised! Ignoring.
Warning: Cell type '$_XOR_' not recognised! Ignoring.
Warning: Cell type '$_AND_' not recognised! Ignoring.
Warning: Cell type '$_NOT_' not recognised! Ignoring.
Warning: Cell type '$_XOR_' not recognised! Ignoring.
Warning: Cell type '$_AND_' not recognised! Ignoring.
Warning: Cell type '$_NOT_' not recognised! Ignoring.
Warning: Cell type '$_XOR_' not recognised! Ignoring.
Warning: Cell type '$_AND_' not recognised! Ignoring.
Warning: Cell type '$_NOT_' not recognised! Ignoring.
Warning: Cell type '$_XOR_' not recognised! Ignoring.
Warning: Cell type '$_NOT_' not recognised! Ignoring.
Warning: Cell type '$_AND_' not recognised! Ignoring.
Warning: Cell type '$_NOT_' not recognised! Ignoring.
Warning: Cell type '$_AND_' not recognised! Ignoring.
Warning: Cell type '$_AND_' not recognised! Ignoring.
Warning: Cell type '$_NOT_' not recognised! Ignoring.
Warning: Cell type '$_XOR_' not recognised! Ignoring.
Warning: Cell type '$_NOT_' not recognised! Ignoring.
Warning: Cell type '$_XOR_' not recognised! Ignoring.
Warning: Cell type '$_XOR_' not recognised! Ignoring.
Warning: Cell type '$_AND_' not recognised! Ignoring.
Warning: Cell type '$_NOT_' not recognised! Ignoring.
Warning: Cell type '$_XOR_' not recognised! Ignoring.
Warning: Cell type '$_AND_' not recognised! Ignoring.
Warning: Cell type '$_NOT_' not recognised! Ignoring.
Warning: Cell type '$_XOR_' not recognised! Ignoring.
Warning: Cell type '$_AND_' not recognised! Ignoring.
Warning: Cell type '$_NOT_' not recognised! Ignoring.
Warning: Cell type '$_XOR_' not recognised! Ignoring.
Warning: Cell type '$_NOT_' not recognised! Ignoring.
Warning: Cell type '$_AND_' not recognised! Ignoring.
Warning: Cell type '$_XOR_' not recognised! Ignoring.
Warning: Cell type '$_XOR_' not recognised! Ignoring.
Warning: Cell type '$_NOT_' not recognised! Ignoring.
Warning: Cell type '$_XOR_' not recognised! Ignoring.
Warning: Cell type '$_NOT_' not recognised! Ignoring.
Warning: Cell type '$_AND_' not recognised! Ignoring.
Warning: Cell type '$_NOT_' not recognised! Ignoring.
Warning: Cell type '$_XOR_' not recognised! Ignoring.
Warning: Cell type '$_AND_' not recognised! Ignoring.
Warning: Cell type '$_NOT_' not recognised! Ignoring.
Warning: Cell type '$_XOR_' not recognised! Ignoring.
Warning: Cell type '$_XOR_' not recognised! Ignoring.
Warning: Cell type '$_NOT_' not recognised! Ignoring.
Warning: Cell type '$_XOR_' not recognised! Ignoring.
Warning: Cell type '$_NOT_' not recognised! Ignoring.
Warning: Cell type '$_AND_' not recognised! Ignoring.
Warning: Cell type '$_NOT_' not recognised! Ignoring.
Warning: Cell type '$_AND_' not recognised! Ignoring.
Warning: Cell type '$_NOT_' not recognised! Ignoring.
Warning: Cell type '$_XOR_' not recognised! Ignoring.
Warning: Cell type '$_AND_' not recognised! Ignoring.
Warning: Cell type '$_XOR_' not recognised! Ignoring.
Warning: Cell type '$_XOR_' not recognised! Ignoring.
Warning: Cell type '$_XOR_' not recognised! Ignoring.
Warning: Cell type '$_NOT_' not recognised! Ignoring.
Warning: Cell type '$_AND_' not recognised! Ignoring.
Warning: Cell type '$_NOT_' not recognised! Ignoring.
Warning: Cell type '$_XOR_' not recognised! Ignoring.
Warning: Cell type '$_AND_' not recognised! Ignoring.
Warning: Cell type '$_NOT_' not recognised! Ignoring.
Warning: Cell type '$_AND_' not recognised! Ignoring.
Warning: Cell type '$_AND_' not recognised! Ignoring.
Warning: Cell type '$_NOT_' not recognised! Ignoring.
Warning: Cell type '$_XOR_' not recognised! Ignoring.
Warning: Cell type '$_XOR_' not recognised! Ignoring.
Warning: Cell type '$_NOT_' not recognised! Ignoring.
Warning: Cell type '$_XOR_' not recognised! Ignoring.
Warning: Cell type '$_NOT_' not recognised! Ignoring.
Warning: Cell type '$_AND_' not recognised! Ignoring.
Warning: Cell type '$_NOT_' not recognised! Ignoring.
Warning: Cell type '$_AND_' not recognised! Ignoring.
Warning: Cell type '$_NOT_' not recognised! Ignoring.
Warning: Cell type '$_XOR_' not recognised! Ignoring.
Warning: Cell type '$_AND_' not recognised! Ignoring.
Warning: Cell type '$_XOR_' not recognised! Ignoring.
Warning: Cell type '$_XOR_' not recognised! Ignoring.
Warning: Cell type '$_XOR_' not recognised! Ignoring.
Warning: Cell type '$_NOT_' not recognised! Ignoring.
Warning: Cell type '$_AND_' not recognised! Ignoring.
Warning: Cell type '$_NOT_' not recognised! Ignoring.
Warning: Cell type '$_XOR_' not recognised! Ignoring.
Warning: Cell type '$_AND_' not recognised! Ignoring.
Warning: Cell type '$_NOT_' not recognised! Ignoring.
Warning: Cell type '$_AND_' not recognised! Ignoring.
Warning: Cell type '$_AND_' not recognised! Ignoring.
Warning: Cell type '$_NOT_' not recognised! Ignoring.
Warning: Cell type '$_XOR_' not recognised! Ignoring.
Warning: Cell type '$_NOT_' not recognised! Ignoring.
Warning: Cell type '$_XOR_' not recognised! Ignoring.
Warning: Cell type '$_NOT_' not recognised! Ignoring.
Warning: Cell type '$_XOR_' not recognised! Ignoring.
Warning: Cell type '$_NOT_' not recognised! Ignoring.
Warning: Cell type '$_AND_' not recognised! Ignoring.
Warning: Cell type '$_NOT_' not recognised! Ignoring.
Warning: Cell type '$_AND_' not recognised! Ignoring.
Warning: Cell type '$_NOT_' not recognised! Ignoring.
Warning: Cell type '$_XOR_' not recognised! Ignoring.
Warning: Cell type '$_AND_' not recognised! Ignoring.
Warning: Cell type '$_XOR_' not recognised! Ignoring.
Warning: Cell type '$_XOR_' not recognised! Ignoring.
Warning: Cell type '$_NOT_' not recognised! Ignoring.
Warning: Cell type '$_XOR_' not recognised! Ignoring.
Warning: Cell type '$_NOT_' not recognised! Ignoring.
Warning: Cell type '$_AND_' not recognised! Ignoring.
Warning: Cell type '$_NOT_' not recognised! Ignoring.
Warning: Cell type '$_XOR_' not recognised! Ignoring.
Warning: Cell type '$_AND_' not recognised! Ignoring.
Warning: Cell type '$_NOT_' not recognised! Ignoring.
Warning: Cell type '$_AND_' not recognised! Ignoring.
Warning: Cell type '$_AND_' not recognised! Ignoring.
Warning: Cell type '$_NOT_' not recognised! Ignoring.
Warning: Cell type '$_XOR_' not recognised! Ignoring.
Warning: Cell type '$_NOT_' not recognised! Ignoring.
Warning: Cell type '$_AND_' not recognised! Ignoring.
Warning: Cell type '$_XOR_' not recognised! Ignoring.
Warning: Cell type '$_XOR_' not recognised! Ignoring.
Warning: Cell type '$_XOR_' not recognised! Ignoring.
Warning: Cell type '$_NOT_' not recognised! Ignoring.
Warning: Cell type '$_AND_' not recognised! Ignoring.
Warning: Cell type '$_NOT_' not recognised! Ignoring.
Warning: Cell type '$_AND_' not recognised! Ignoring.
Warning: Cell type '$_NOT_' not recognised! Ignoring.
Warning: Cell type '$_XOR_' not recognised! Ignoring.
Warning: Cell type '$_XOR_' not recognised! Ignoring.
Warning: Cell type '$_XOR_' not recognised! Ignoring.
Warning: Cell type '$_XOR_' not recognised! Ignoring.
Warning: Cell type '$_NOT_' not recognised! Ignoring.
Warning: Cell type '$_AND_' not recognised! Ignoring.
Warning: Cell type '$_NOT_' not recognised! Ignoring.
Warning: Cell type '$_XOR_' not recognised! Ignoring.
Warning: Cell type '$_XOR_' not recognised! Ignoring.
Warning: Cell type '$_AND_' not recognised! Ignoring.
Warning: Cell type '$_NOT_' not recognised! Ignoring.
Warning: Cell type '$_AND_' not recognised! Ignoring.
Warning: Cell type '$_AND_' not recognised! Ignoring.
Warning: Cell type '$_NOT_' not recognised! Ignoring.
Warning: Cell type '$_XOR_' not recognised! Ignoring.
Warning: Cell type '$_XOR_' not recognised! Ignoring.
Warning: Cell type '$_XOR_' not recognised! Ignoring.
Warning: Cell type '$_NOT_' not recognised! Ignoring.
Warning: Cell type '$_XOR_' not recognised! Ignoring.
Warning: Cell type '$_NOT_' not recognised! Ignoring.
Warning: Cell type '$_AND_' not recognised! Ignoring.
Warning: Cell type '$_NOT_' not recognised! Ignoring.
Warning: Cell type '$_AND_' not recognised! Ignoring.
Warning: Cell type '$_NOT_' not recognised! Ignoring.
Warning: Cell type '$_XOR_' not recognised! Ignoring.
Warning: Cell type '$_AND_' not recognised! Ignoring.
Warning: Cell type '$_XOR_' not recognised! Ignoring.
Warning: Cell type '$_XOR_' not recognised! Ignoring.
Warning: Cell type '$_XOR_' not recognised! Ignoring.
Warning: Cell type '$_AND_' not recognised! Ignoring.
Warning: Cell type '$_NOT_' not recognised! Ignoring.
Warning: Cell type '$_XOR_' not recognised! Ignoring.
Warning: Cell type '$_AND_' not recognised! Ignoring.
Warning: Cell type '$_NOT_' not recognised! Ignoring.
Warning: Cell type '$_AND_' not recognised! Ignoring.
Warning: Cell type '$_AND_' not recognised! Ignoring.
Warning: Cell type '$_NOT_' not recognised! Ignoring.
Warning: Cell type '$_XOR_' not recognised! Ignoring.
Warning: Cell type '$_XOR_' not recognised! Ignoring.
Warning: Cell type '$_NOT_' not recognised! Ignoring.
Warning: Cell type '$_AND_' not recognised! Ignoring.
Warning: Cell type '$_XOR_' not recognised! Ignoring.
Warning: Cell type '$_XOR_' not recognised! Ignoring.
Warning: Cell type '$_AND_' not recognised! Ignoring.
Warning: Cell type '$_NOT_' not recognised! Ignoring.
Warning: Cell type '$_AND_' not recognised! Ignoring.
Warning: Cell type '$_NOT_' not recognised! Ignoring.
Warning: Cell type '$_XOR_' not recognised! Ignoring.
Warning: Cell type '$_AND_' not recognised! Ignoring.
Warning: Cell type '$_XOR_' not recognised! Ignoring.
Warning: Cell type '$_XOR_' not recognised! Ignoring.
Warning: Cell type '$_XOR_' not recognised! Ignoring.
Warning: Cell type '$_NOT_' not recognised! Ignoring.
Warning: Cell type '$_AND_' not recognised! Ignoring.
Warning: Cell type '$_NOT_' not recognised! Ignoring.
Warning: Cell type '$_XOR_' not recognised! Ignoring.
Warning: Cell type '$_AND_' not recognised! Ignoring.
Warning: Cell type '$_NOT_' not recognised! Ignoring.
Warning: Cell type '$_AND_' not recognised! Ignoring.
Warning: Cell type '$_AND_' not recognised! Ignoring.
Warning: Cell type '$_NOT_' not recognised! Ignoring.
Warning: Cell type '$_XOR_' not recognised! Ignoring.
Warning: Cell type '$_AND_' not recognised! Ignoring.
Warning: Cell type '$_AND_' not recognised! Ignoring.
Warning: Cell type '$_XOR_' not recognised! Ignoring.
Warning: Cell type '$_NOT_' not recognised! Ignoring.
Warning: Cell type '$_XOR_' not recognised! Ignoring.
Warning: Cell type '$_NOT_' not recognised! Ignoring.
Warning: Cell type '$_AND_' not recognised! Ignoring.
Warning: Cell type '$_NOT_' not recognised! Ignoring.
Warning: Cell type '$_AND_' not recognised! Ignoring.
Warning: Cell type '$_NOT_' not recognised! Ignoring.
Warning: Cell type '$_AND_' not recognised! Ignoring.
Warning: Cell type '$_XOR_' not recognised! Ignoring.
Warning: Cell type '$_XOR_' not recognised! Ignoring.
Warning: Cell type '$_NOT_' not recognised! Ignoring.
Warning: Cell type '$_XOR_' not recognised! Ignoring.
Warning: Cell type '$_AND_' not recognised! Ignoring.
Warning: Cell type '$_NOT_' not recognised! Ignoring.
Warning: Cell type '$_XOR_' not recognised! Ignoring.
Warning: Cell type '$_NOT_' not recognised! Ignoring.
Warning: Cell type '$_AND_' not recognised! Ignoring.
Warning: Cell type '$_NOT_' not recognised! Ignoring.
Warning: Cell type '$_AND_' not recognised! Ignoring.
Warning: Cell type '$_AND_' not recognised! Ignoring.
Warning: Cell type '$_NOT_' not recognised! Ignoring.
Warning: Cell type '$_XOR_' not recognised! Ignoring.
Warning: Cell type '$_AND_' not recognised! Ignoring.
Warning: Cell type '$_XOR_' not recognised! Ignoring.
Warning: Cell type '$_NOT_' not recognised! Ignoring.
Warning: Cell type '$_AND_' not recognised! Ignoring.
Warning: Cell type '$_NOT_' not recognised! Ignoring.
Warning: Cell type '$_AND_' not recognised! Ignoring.
Warning: Cell type '$_NOT_' not recognised! Ignoring.
Warning: Cell type '$_AND_' not recognised! Ignoring.
Warning: Cell type '$_XOR_' not recognised! Ignoring.
Warning: Cell type '$_XOR_' not recognised! Ignoring.
Warning: Cell type '$_NOT_' not recognised! Ignoring.
Warning: Cell type '$_AND_' not recognised! Ignoring.
Warning: Cell type '$_NOT_' not recognised! Ignoring.
Warning: Cell type '$_XOR_' not recognised! Ignoring.
Warning: Cell type '$_XOR_' not recognised! Ignoring.
Warning: Cell type '$_AND_' not recognised! Ignoring.
Warning: Cell type '$_NOT_' not recognised! Ignoring.
Warning: Cell type '$_AND_' not recognised! Ignoring.
Warning: Cell type '$_AND_' not recognised! Ignoring.
Warning: Cell type '$_NOT_' not recognised! Ignoring.
Warning: Cell type '$_XOR_' not recognised! Ignoring.
Warning: Cell type '$_AND_' not recognised! Ignoring.
Warning: Cell type '$_XOR_' not recognised! Ignoring.
Warning: Cell type '$_NOT_' not recognised! Ignoring.
Warning: Cell type '$_AND_' not recognised! Ignoring.
Warning: Cell type '$_NOT_' not recognised! Ignoring.
Warning: Cell type '$_AND_' not recognised! Ignoring.
Warning: Cell type '$_NOT_' not recognised! Ignoring.
Warning: Cell type '$_AND_' not recognised! Ignoring.
Warning: Cell type '$_XOR_' not recognised! Ignoring.
Warning: Cell type '$_XOR_' not recognised! Ignoring.
Warning: Cell type '$_AND_' not recognised! Ignoring.
Warning: Cell type '$_NOT_' not recognised! Ignoring.
Warning: Cell type '$_XOR_' not recognised! Ignoring.
Warning: Cell type '$_AND_' not recognised! Ignoring.
Warning: Cell type '$_NOT_' not recognised! Ignoring.
Warning: Cell type '$_AND_' not recognised! Ignoring.
Warning: Cell type '$_AND_' not recognised! Ignoring.
Warning: Cell type '$_NOT_' not recognised! Ignoring.
Warning: Cell type '$_XOR_' not recognised! Ignoring.
Warning: Cell type '$_NOT_' not recognised! Ignoring.
Warning: Cell type '$_AND_' not recognised! Ignoring.
Warning: Cell type '$_XOR_' not recognised! Ignoring.
Warning: Cell type '$_NOT_' not recognised! Ignoring.
Warning: Cell type '$_AND_' not recognised! Ignoring.
Warning: Cell type '$_NOT_' not recognised! Ignoring.
Warning: Cell type '$_AND_' not recognised! Ignoring.
Warning: Cell type '$_NOT_' not recognised! Ignoring.
Warning: Cell type '$_XOR_' not recognised! Ignoring.
Warning: Cell type '$_XOR_' not recognised! Ignoring.
Warning: Cell type '$_XOR_' not recognised! Ignoring.
Warning: Cell type '$_AND_' not recognised! Ignoring.
Warning: Cell type '$_NOT_' not recognised! Ignoring.
Warning: Cell type '$_XOR_' not recognised! Ignoring.
Warning: Cell type '$_XOR_' not recognised! Ignoring.
Warning: Cell type '$_AND_' not recognised! Ignoring.
Warning: Cell type '$_NOT_' not recognised! Ignoring.
Warning: Cell type '$_AND_' not recognised! Ignoring.
Warning: Cell type '$_AND_' not recognised! Ignoring.
Warning: Cell type '$_NOT_' not recognised! Ignoring.
Warning: Cell type '$_XOR_' not recognised! Ignoring.
Warning: Cell type '$_AND_' not recognised! Ignoring.
Warning: Cell type '$_XOR_' not recognised! Ignoring.
Warning: Cell type '$_NOT_' not recognised! Ignoring.
Warning: Cell type '$_AND_' not recognised! Ignoring.
Warning: Cell type '$_NOT_' not recognised! Ignoring.
Warning: Cell type '$_AND_' not recognised! Ignoring.
Warning: Cell type '$_NOT_' not recognised! Ignoring.
Warning: Cell type '$_AND_' not recognised! Ignoring.
Warning: Cell type '$_XOR_' not recognised! Ignoring.
Warning: Cell type '$_XOR_' not recognised! Ignoring.
Warning: Cell type '$_NOT_' not recognised! Ignoring.
Warning: Cell type '$_AND_' not recognised! Ignoring.
Warning: Cell type '$_NOT_' not recognised! Ignoring.
Warning: Cell type '$_XOR_' not recognised! Ignoring.
Warning: Cell type '$_AND_' not recognised! Ignoring.
Warning: Cell type '$_NOT_' not recognised! Ignoring.
Warning: Cell type '$_AND_' not recognised! Ignoring.
Warning: Cell type '$_AND_' not recognised! Ignoring.
Warning: Cell type '$_NOT_' not recognised! Ignoring.
Warning: Cell type '$_XOR_' not recognised! Ignoring.
Warning: Cell type '$_AND_' not recognised! Ignoring.
Warning: Cell type '$_XOR_' not recognised! Ignoring.
Warning: Cell type '$_XOR_' not recognised! Ignoring.
Warning: Cell type '$_XOR_' not recognised! Ignoring.
Warning: Cell type '$_XOR_' not recognised! Ignoring.
Warning: Cell type '$_XOR_' not recognised! Ignoring.
Warning: Cell type '$_XOR_' not recognised! Ignoring.
Warning: Cell type '$_XOR_' not recognised! Ignoring.
Warning: Cell type '$_XOR_' not recognised! Ignoring.
Warning: Cell type '$_XOR_' not recognised! Ignoring.
Warning: Cell type '$_XOR_' not recognised! Ignoring.
Warning: Cell type '$_XOR_' not recognised! Ignoring.
Warning: Cell type '$_XOR_' not recognised! Ignoring.
Warning: Cell type '$_XOR_' not recognised! Ignoring.
Warning: Cell type '$_XOR_' not recognised! Ignoring.
Warning: Cell type '$_XOR_' not recognised! Ignoring.
Warning: Cell type '$_XOR_' not recognised! Ignoring.
Warning: Cell type '$_XOR_' not recognised! Ignoring.
Warning: Cell type '$_XOR_' not recognised! Ignoring.
Warning: Cell type '$_XOR_' not recognised! Ignoring.
Warning: Cell type '$_XOR_' not recognised! Ignoring.
Warning: Cell type '$_XOR_' not recognised! Ignoring.
Warning: Cell type '$_XOR_' not recognised! Ignoring.
Warning: Cell type '$_XOR_' not recognised! Ignoring.
Warning: Cell type '$_XOR_' not recognised! Ignoring.
Warning: Cell type '$_XOR_' not recognised! Ignoring.
Warning: Cell type '$_XOR_' not recognised! Ignoring.
Warning: Cell type '$_XOR_' not recognised! Ignoring.
Warning: Cell type '$_XOR_' not recognised! Ignoring.
Warning: Cell type '$_XOR_' not recognised! Ignoring.
Warning: Cell type '$_XOR_' not recognised! Ignoring.
Warning: Cell type '$_XOR_' not recognised! Ignoring.
Warning: Cell type '$_XOR_' not recognised! Ignoring.
Warning: Cell type '$_XOR_' not recognised! Ignoring.
Warning: Cell type '$_XOR_' not recognised! Ignoring.
Warning: Cell type '$_XOR_' not recognised! Ignoring.
No timing paths found.
